[    4139ms] Error: Minified React error #425; visit https://react.dev/errors/425 for the full message or use the non-minified dev environment for full errors and additional helpful warnings.
    at sq (https://codetratives.com/_next/static/chunks/fd9d1056-8dca022b55d41c29.js:1:146765)
    at co (https://codetratives.com/_next/static/chunks/fd9d1056-8dca022b55d41c29.js:1:158779)
    at https://codetratives.com/_next/static/chunks/fd9d1056-8dca022b55d41c29.js:1:99416
    at iu (https://codetratives.com/_next/static/chunks/fd9d1056-8dca022b55d41c29.js:1:103867)
    at ia (https://codetratives.com/_next/static/chunks/fd9d1056-8dca022b55d41c29.js:1:95223)
    at https://codetratives.com/_next/static/chunks/fd9d1056-8dca022b55d41c29.js:1:91088
    at https://codetratives.com/_next/static/chunks/fd9d1056-8dca022b55d41c29.js:1:91095
    at oZ (https://codetratives.com/_next/static/chunks/fd9d1056-8dca022b55d41c29.js:1:91200)
    at MessagePort.T (https://codetratives.com/_next/static/chunks/117-34311507662ac84d.js:1:83790)
[    4141ms] Error: Minified React error #425; visit https://react.dev/errors/425 for the full message or use the non-minified dev environment for full errors and additional helpful warnings.
    at sq (https://codetratives.com/_next/static/chunks/fd9d1056-8dca022b55d41c29.js:1:146765)
    at co (https://codetratives.com/_next/static/chunks/fd9d1056-8dca022b55d41c29.js:1:158779)
    at https://codetratives.com/_next/static/chunks/fd9d1056-8dca022b55d41c29.js:1:99416
    at iu (https://codetratives.com/_next/static/chunks/fd9d1056-8dca022b55d41c29.js:1:103867)
    at ia (https://codetratives.com/_next/static/chunks/fd9d1056-8dca022b55d41c29.js:1:95223)
    at https://codetratives.com/_next/static/chunks/fd9d1056-8dca022b55d41c29.js:1:91088
    at https://codetratives.com/_next/static/chunks/fd9d1056-8dca022b55d41c29.js:1:91095
    at oZ (https://codetratives.com/_next/static/chunks/fd9d1056-8dca022b55d41c29.js:1:91200)
    at MessagePort.T (https://codetratives.com/_next/static/chunks/117-34311507662ac84d.js:1:83790)
[    4141ms] Error: Minified React error #425; visit https://react.dev/errors/425 for the full message or use the non-minified dev environment for full errors and additional helpful warnings.
    at sq (https://codetratives.com/_next/static/chunks/fd9d1056-8dca022b55d41c29.js:1:146765)
    at co (https://codetratives.com/_next/static/chunks/fd9d1056-8dca022b55d41c29.js:1:158779)
    at https://codetratives.com/_next/static/chunks/fd9d1056-8dca022b55d41c29.js:1:99416
    at iu (https://codetratives.com/_next/static/chunks/fd9d1056-8dca022b55d41c29.js:1:103867)
    at ia (https://codetratives.com/_next/static/chunks/fd9d1056-8dca022b55d41c29.js:1:95223)
    at https://codetratives.com/_next/static/chunks/fd9d1056-8dca022b55d41c29.js:1:91088
    at https://codetratives.com/_next/static/chunks/fd9d1056-8dca022b55d41c29.js:1:91095
    at oZ (https://codetratives.com/_next/static/chunks/fd9d1056-8dca022b55d41c29.js:1:91200)
    at MessagePort.T (https://codetratives.com/_next/static/chunks/117-34311507662ac84d.js:1:83790)
[    4141ms] Error: Minified React error #425; visit https://react.dev/errors/425 for the full message or use the non-minified dev environment for full errors and additional helpful warnings.
    at sq (https://codetratives.com/_next/static/chunks/fd9d1056-8dca022b55d41c29.js:1:146765)
    at co (https://codetratives.com/_next/static/chunks/fd9d1056-8dca022b55d41c29.js:1:158779)
    at https://codetratives.com/_next/static/chunks/fd9d1056-8dca022b55d41c29.js:1:99416
    at iu (https://codetratives.com/_next/static/chunks/fd9d1056-8dca022b55d41c29.js:1:103867)
    at ia (https://codetratives.com/_next/static/chunks/fd9d1056-8dca022b55d41c29.js:1:95223)
    at https://codetratives.com/_next/static/chunks/fd9d1056-8dca022b55d41c29.js:1:91088
    at https://codetratives.com/_next/static/chunks/fd9d1056-8dca022b55d41c29.js:1:91095
    at oZ (https://codetratives.com/_next/static/chunks/fd9d1056-8dca022b55d41c29.js:1:91200)
    at MessagePort.T (https://codetratives.com/_next/static/chunks/117-34311507662ac84d.js:1:83790)
[    4142ms] Error: Minified React error #418; visit https://react.dev/errors/418 for the full message or use the non-minified dev environment for full errors and additional helpful warnings.
    at t5 (https://codetratives.com/_next/static/chunks/fd9d1056-8dca022b55d41c29.js:1:24670)
    at iZ (https://codetratives.com/_next/static/chunks/fd9d1056-8dca022b55d41c29.js:1:120611)
    at ia (https://codetratives.com/_next/static/chunks/fd9d1056-8dca022b55d41c29.js:1:95162)
    at https://codetratives.com/_next/static/chunks/fd9d1056-8dca022b55d41c29.js:1:91088
    at https://codetratives.com/_next/static/chunks/fd9d1056-8dca022b55d41c29.js:1:91095
    at oZ (https://codetratives.com/_next/static/chunks/fd9d1056-8dca022b55d41c29.js:1:91200)
    at MessagePort.T (https://codetratives.com/_next/static/chunks/117-34311507662ac84d.js:1:83790)
[    4142ms] Error: Minified React error #423; visit https://react.dev/errors/423 for the full message or use the non-minified dev environment for full errors and additional helpful warnings.
    at iZ (https://codetratives.com/_next/static/chunks/fd9d1056-8dca022b55d41c29.js:1:118349)
    at ia (https://codetratives.com/_next/static/chunks/fd9d1056-8dca022b55d41c29.js:1:95162)
    at https://codetratives.com/_next/static/chunks/fd9d1056-8dca022b55d41c29.js:1:94984
    at il (https://codetratives.com/_next/static/chunks/fd9d1056-8dca022b55d41c29.js:1:94991)
    at oJ (https://codetratives.com/_next/static/chunks/fd9d1056-8dca022b55d41c29.js:1:92347)
    at oZ (https://codetratives.com/_next/static/chunks/fd9d1056-8dca022b55d41c29.js:1:91766)
    at MessagePort.T (https://codetratives.com/_next/static/chunks/117-34311507662ac84d.js:1:83790)
[   66766ms] [ERROR] Failed to load resource: the server responded with a status of 404 () @ https://codetratives.com/services:0
[  124559ms] [WARNING] Datadog Browser SDK: No storage available for session. We will not send any data. @ https://assets.calendly.com/assets/booking/js/booking-6ef9269bf.js:59
[  273628ms] Error: Minified React error #425; visit https://react.dev/errors/425 for the full message or use the non-minified dev environment for full errors and additional helpful warnings.
    at sq (https://codetratives.com/_next/static/chunks/fd9d1056-8dca022b55d41c29.js:1:146765)
    at co (https://codetratives.com/_next/static/chunks/fd9d1056-8dca022b55d41c29.js:1:158779)
    at https://codetratives.com/_next/static/chunks/fd9d1056-8dca022b55d41c29.js:1:99416
    at iu (https://codetratives.com/_next/static/chunks/fd9d1056-8dca022b55d41c29.js:1:103867)
    at ia (https://codetratives.com/_next/static/chunks/fd9d1056-8dca022b55d41c29.js:1:95223)
    at https://codetratives.com/_next/static/chunks/fd9d1056-8dca022b55d41c29.js:1:91088
    at https://codetratives.com/_next/static/chunks/fd9d1056-8dca022b55d41c29.js:1:91095
    at oZ (https://codetratives.com/_next/static/chunks/fd9d1056-8dca022b55d41c29.js:1:91200)
    at MessagePort.T (https://codetratives.com/_next/static/chunks/117-34311507662ac84d.js:1:83790)
[  273628ms] Error: Minified React error #425; visit https://react.dev/errors/425 for the full message or use the non-minified dev environment for full errors and additional helpful warnings.
    at sq (https://codetratives.com/_next/static/chunks/fd9d1056-8dca022b55d41c29.js:1:146765)
    at co (https://codetratives.com/_next/static/chunks/fd9d1056-8dca022b55d41c29.js:1:158779)
    at https://codetratives.com/_next/static/chunks/fd9d1056-8dca022b55d41c29.js:1:99416
    at iu (https://codetratives.com/_next/static/chunks/fd9d1056-8dca022b55d41c29.js:1:103867)
    at ia (https://codetratives.com/_next/static/chunks/fd9d1056-8dca022b55d41c29.js:1:95223)
    at https://codetratives.com/_next/static/chunks/fd9d1056-8dca022b55d41c29.js:1:91088
    at https://codetratives.com/_next/static/chunks/fd9d1056-8dca022b55d41c29.js:1:91095
    at oZ (https://codetratives.com/_next/static/chunks/fd9d1056-8dca022b55d41c29.js:1:91200)
    at MessagePort.T (https://codetratives.com/_next/static/chunks/117-34311507662ac84d.js:1:83790)
[  273628ms] Error: Minified React error #425; visit https://react.dev/errors/425 for the full message or use the non-minified dev environment for full errors and additional helpful warnings.
    at sq (https://codetratives.com/_next/static/chunks/fd9d1056-8dca022b55d41c29.js:1:146765)
    at co (https://codetratives.com/_next/static/chunks/fd9d1056-8dca022b55d41c29.js:1:158779)
    at https://codetratives.com/_next/static/chunks/fd9d1056-8dca022b55d41c29.js:1:99416
    at iu (https://codetratives.com/_next/static/chunks/fd9d1056-8dca022b55d41c29.js:1:103867)
    at ia (https://codetratives.com/_next/static/chunks/fd9d1056-8dca022b55d41c29.js:1:95223)
    at https://codetratives.com/_next/static/chunks/fd9d1056-8dca022b55d41c29.js:1:91088
    at https://codetratives.com/_next/static/chunks/fd9d1056-8dca022b55d41c29.js:1:91095
    at oZ (https://codetratives.com/_next/static/chunks/fd9d1056-8dca022b55d41c29.js:1:91200)
    at MessagePort.T (https://codetratives.com/_next/static/chunks/117-34311507662ac84d.js:1:83790)
[  273628ms] Error: Minified React error #425; visit https://react.dev/errors/425 for the full message or use the non-minified dev environment for full errors and additional helpful warnings.
    at sq (https://codetratives.com/_next/static/chunks/fd9d1056-8dca022b55d41c29.js:1:146765)
    at co (https://codetratives.com/_next/static/chunks/fd9d1056-8dca022b55d41c29.js:1:158779)
    at https://codetratives.com/_next/static/chunks/fd9d1056-8dca022b55d41c29.js:1:99416
    at iu (https://codetratives.com/_next/static/chunks/fd9d1056-8dca022b55d41c29.js:1:103867)
    at ia (https://codetratives.com/_next/static/chunks/fd9d1056-8dca022b55d41c29.js:1:95223)
    at https://codetratives.com/_next/static/chunks/fd9d1056-8dca022b55d41c29.js:1:91088
    at https://codetratives.com/_next/static/chunks/fd9d1056-8dca022b55d41c29.js:1:91095
    at oZ (https://codetratives.com/_next/static/chunks/fd9d1056-8dca022b55d41c29.js:1:91200)
    at MessagePort.T (https://codetratives.com/_next/static/chunks/117-34311507662ac84d.js:1:83790)
[  273629ms] Error: Minified React error #418; visit https://react.dev/errors/418 for the full message or use the non-minified dev environment for full errors and additional helpful warnings.
    at t5 (https://codetratives.com/_next/static/chunks/fd9d1056-8dca022b55d41c29.js:1:24670)
    at iZ (https://codetratives.com/_next/static/chunks/fd9d1056-8dca022b55d41c29.js:1:120611)
    at ia (https://codetratives.com/_next/static/chunks/fd9d1056-8dca022b55d41c29.js:1:95162)
    at https://codetratives.com/_next/static/chunks/fd9d1056-8dca022b55d41c29.js:1:91088
    at https://codetratives.com/_next/static/chunks/fd9d1056-8dca022b55d41c29.js:1:91095
    at oZ (https://codetratives.com/_next/static/chunks/fd9d1056-8dca022b55d41c29.js:1:91200)
    at MessagePort.T (https://codetratives.com/_next/static/chunks/117-34311507662ac84d.js:1:83790)
[  273629ms] Error: Minified React error #423; visit https://react.dev/errors/423 for the full message or use the non-minified dev environment for full errors and additional helpful warnings.
    at iZ (https://codetratives.com/_next/static/chunks/fd9d1056-8dca022b55d41c29.js:1:118349)
    at ia (https://codetratives.com/_next/static/chunks/fd9d1056-8dca022b55d41c29.js:1:95162)
    at https://codetratives.com/_next/static/chunks/fd9d1056-8dca022b55d41c29.js:1:94984
    at il (https://codetratives.com/_next/static/chunks/fd9d1056-8dca022b55d41c29.js:1:94991)
    at oJ (https://codetratives.com/_next/static/chunks/fd9d1056-8dca022b55d41c29.js:1:92347)
    at oZ (https://codetratives.com/_next/static/chunks/fd9d1056-8dca022b55d41c29.js:1:91766)
    at MessagePort.T (https://codetratives.com/_next/static/chunks/117-34311507662ac84d.js:1:83790)
